[2026-01-11T15:30:00Z] [THOUGHT] Starting T11: Effects System Migration. Need to migrate 8 particle/effect classes from entities.js to GDScript.
[2026-01-11T15:30:05Z] [FILE_READ] path: 'src/entities.js', lines: 4610-4820 (Particle class)
[2026-01-11T15:30:10Z] [FILE_READ] path: 'src/entities.js', lines: 4823-4897 (SlashEffect class)
[2026-01-11T15:30:15Z] [FILE_READ] path: 'src/entities.js', lines: 4898-4951 (CollectionBeam class)
[2026-01-11T15:30:20Z] [FILE_READ] path: 'src/entities.js', lines: 4952-5002 (Shockwave class)
[2026-01-11T15:30:25Z] [FILE_READ] path: 'src/entities.js', lines: 5003-5056 (LaserBeam class)
[2026-01-11T15:30:30Z] [FILE_READ] path: 'src/entities.js', lines: 5057-5099 (FloatingText class)
[2026-01-11T15:30:35Z] [FILE_READ] path: 'src/entities.js', lines: 5100-5231 (EnergyOrb class)
[2026-01-11T15:30:40Z] [FILE_READ] path: 'src/entities.js', lines: 5326-5371 (FireWave class)
[2026-01-11T15:31:00Z] [FILE_READ] path: 'godot_project/scripts/effects/lightning_bolt.gd' (reference for GDScript style)
[2026-01-11T15:32:00Z] [THOUGHT] Analyzed existing lightning_bolt.gd for code style reference. Will follow same patterns: extends Node2D, class_name, setup() method, _process() for updates, _draw() for rendering, queue_free() for cleanup.
[2026-01-11T15:33:00Z] [FILE_WRITE] path: 'godot_project/scripts/effects/particle.gd', size: 6.2KB, action: 'create'
[2026-01-11T15:33:30Z] [THOUGHT] Particle class migrated with all 8 modes: normal, spark, ember, mist, shard, smoke, line, wind_slash. Each mode has its own initialization and drawing logic.
[2026-01-11T15:34:00Z] [FILE_WRITE] path: 'godot_project/scripts/effects/slash_effect.gd', size: 2.8KB, action: 'create'
[2026-01-11T15:34:30Z] [THOUGHT] SlashEffect migrated. Implemented spindle shape with quadratic curves, glow layer, and impact cross effect.
[2026-01-11T15:35:00Z] [FILE_WRITE] path: 'godot_project/scripts/effects/collection_beam.gd', size: 2.1KB, action: 'create'
[2026-01-11T15:35:30Z] [THOUGHT] CollectionBeam migrated. Implemented trapezoid beam shape with gradient colors and bottom glow.
[2026-01-11T15:36:00Z] [FILE_WRITE] path: 'godot_project/scripts/effects/shockwave.gd', size: 1.8KB, action: 'create'
[2026-01-11T15:36:30Z] [THOUGHT] Shockwave migrated. Implemented expanding ring with fill, edge, and inner ring layers.
[2026-01-11T15:37:00Z] [FILE_WRITE] path: 'godot_project/scripts/effects/laser_beam.gd', size: 2.3KB, action: 'create'
[2026-01-11T15:37:30Z] [THOUGHT] LaserBeam migrated. Implemented multi-segment polyline with glow and core layers.
[2026-01-11T15:38:00Z] [FILE_WRITE] path: 'godot_project/scripts/effects/floating_text.gd', size: 2.5KB, action: 'create'
[2026-01-11T15:38:30Z] [THOUGHT] FloatingText migrated. Implemented text with outline using ThemeDB.fallback_font.
[2026-01-11T15:39:00Z] [FILE_WRITE] path: 'godot_project/scripts/effects/energy_orb.gd', size: 3.8KB, action: 'create'
[2026-01-11T15:39:30Z] [THOUGHT] EnergyOrb migrated. Implemented physics-based burst + magnetic suction with trail effect. Added signal for arrival callback.
[2026-01-11T15:40:00Z] [FILE_WRITE] path: 'godot_project/scripts/effects/fire_wave.gd', size: 1.9KB, action: 'create'
[2026-01-11T15:40:30Z] [THOUGHT] FireWave migrated. Implemented expanding fire ring with gradient layers.
[2026-01-11T15:41:00Z] [THOUGHT] All 8 effect classes have been migrated. Total new files: 8. LightningBolt was already migrated in Phase 1.
